// Vitest Snapshot v1, https://vitest.dev/guide/snapshot.html

exports[`galaxy density model — sample-table regression lock > matches the recorded sample table (update deliberately, in both mirrors) 1`] = `
[
  {
    "j": [
      0.04087908,
      0.04298875,
      0.04515535,
    ],
    "kappaV": 0.0009056285,
  },
  {
    "j": [
      6.393026,
      5.25676,
      4.233655,
    ],
    "kappaV": 0.0649633,
  },
  {
    "j": [
      0.1050047,
      0.1058348,
      0.1069781,
    ],
    "kappaV": 0.004002744,
  },
  {
    "j": [
      0.01505369,
      0.01544994,
      0.01573889,
    ],
    "kappaV": 0.00006600268,
  },
  {
    "j": [
      0.001109354,
      0.00110784,
      0.001088157,
    ],
    "kappaV": 8.465109e-7,
  },
]
`;
